[revolution.themepunch.com/stark-agency-website-template/index.html]
[backblue.gif]
[fade.gif]
[index.html]
[revolution.themepunch.com/wp-content/cache/min/1/3cfedffa25316de2f0c7e39557f0041b.css]
[revolution.themepunch.com/wp-content/uploads/2020/01/stark_preview.jpg]
[revolution.themepunch.com/wp-includes/js/jquery/jquery.js]
[revolution.themepunch.com/wp-content/uploads/2019/06/favicon_rs6-150x150.png]
[revolution.themepunch.com/wp-content/uploads/2019/06/favicon_rs6.png]
[revolution.themepunch.com/wp-content/plugins/revslider/public/assets/assets/transparent.png]
[revolution.themepunch.com/wp-content/uploads/revslider/stark-header/stark_bg.jpg]
[revolution.themepunch.com/wp-content/uploads/revslider/stark-header/starklogo.png]
[revolution.themepunch.com/wp-content/uploads/revslider/stark-carousel/stark_slide1.jpg]
[revolution.themepunch.com/wp-content/uploads/revslider/stark-carousel/stark_slide2.jpg]
[revolution.themepunch.com/wp-content/uploads/revslider/stark-carousel/stark_slide3.jpg]
[revolution.themepunch.com/wp-content/uploads/revslider/stark-content-1/stark_folio1.jpg]
[revolution.themepunch.com/wp-content/uploads/revslider/stark-content-1/stark_folio4.jpg]
[revolution.themepunch.com/wp-content/uploads/revslider/stark-content-1/stark_folio2.jpg]
[revolution.themepunch.com/wp-content/uploads/revslider/stark-content-1/stark_folio5.jpg]
[revolution.themepunch.com/wp-content/uploads/revslider/stark-content-1/stark_folio3.jpg]
[revolution.themepunch.com/wp-content/uploads/revslider/stark-content-1/stark_folio6.jpg]
[revolution.themepunch.com/wp-content/uploads/revslider/stark-contact/contactbg.jpg]
[revolution.themepunch.com/wp-content/uploads/revslider/stark-newsletter/1-roar.png]
[revolution.themepunch.com/wp-content/uploads/2019/11/unlockallfeatures-1.png]
[revolution.themepunch.com/cdn-cgi/scripts/5c5dd728/cloudflare-static/email-decode.min.js]
[revolution.themepunch.com/wp-content/cache/caos-analytics/analytics.js]
[revolution.themepunch.com/stark-agency-website-template/index.html]
[revolution.themepunch.com/wp-content/cache/min/1/ce003550df93979bf215ec204b8c19e5.js]
[revolution.themepunch.com/wp-content/plugins/essential-grid/public/assets/images/ajax-loader.gif]
[revolution.themepunch.com/wp-content/plugins/essential-grid/public/assets/images/loader.gif]
[revolution.themepunch.com/wp-content/plugins/revslider/public/assets/assets/gridtile.png]
[revolution.themepunch.com/wp-content/plugins/revslider/public/assets/assets/gridtile_white.png]
[revolution.themepunch.com/wp-content/plugins/revslider/public/assets/assets/gridtile_3x3.png]
[revolution.themepunch.com/wp-content/plugins/revslider/public/assets/assets/gridtile_3x3_white.png]
[revolution.themepunch.com/wp-content/plugins/revslider/public/assets/assets/coloredbg.png]
[revolution.themepunch.com/wp-content/plugins/revslider/public/assets/assets/loader.gif]
[revolution.themepunch.com/wp-content/uploads/2019/03/revslider_logo.png]
[revolution.themepunch.com/wp-content/uploads/2019/03/revslider_close.png]
[revolution.themepunch.com/wp-content/uploads/2019/03/revslider_arrow.png]
[revolution.themepunch.com/wp-content/cache/min/1/3cfedffa25316de2f0c7e39557f0041b.css]
